// Jest Snapshot v1, https://goo.gl/fbAQLP

exports[`Discussion matches snapshot 1`] = `
<div>
  <div
    class="flex flex-col relative overflow-hidden height-auto text-foreground box-border bg-content1 outline-none data-[focus-visible=true]:z-10 data-[focus-visible=true]:outline-2 data-[focus-visible=true]:outline-focus data-[focus-visible=true]:outline-offset-2 shadow-medium rounded-large transition-transform-background motion-reduce:transition-none"
    tabindex="-1"
  >
    <div
      class="relative flex w-full p-3 flex-auto flex-col place-content-inherit align-items-inherit h-auto break-words text-left overflow-y-auto subpixel-antialiased"
    >
      <div
        class="flex flex-row gap-x-2 items-baseline -mt-2"
      >
        <p
          class="font-semibold"
        >
          Marie Curie
        </p>
        <div
          class="grow"
        />
        <button
          class="z-0 group relative inline-flex items-center justify-center box-border appearance-none select-none whitespace-nowrap font-normal subpixel-antialiased overflow-hidden tap-highlight-transparent outline-none data-[focus-visible=true]:z-10 data-[focus-visible=true]:outline-2 data-[focus-visible=true]:outline-focus data-[focus-visible=true]:outline-offset-2 px-4 min-w-20 h-10 text-small gap-2 rounded-medium [&>svg]:max-w-[theme(spacing.8)] data-[pressed=true]:scale-[0.97] transition-transform-colors-opacity motion-reduce:transition-none bg-transparent text-default-foreground data-[hover=true]:bg-default/40"
          type="button"
        >
          Reply
        </button>
      </div>
      <p>
        Lorem ipsum dolor sit amet, consectetur adipisicing elit. Sunt ut ducimus amet ex qui eius corrupti reiciendis, quibusdam suscipit, aspernatur ipsum. Reprehenderit libero molestias nostrum eum sed? Illo, quidem ad.
      </p>
    </div>
  </div>
</div>
`;
