// Jest Snapshot v1, https://goo.gl/fbAQLP

exports[`BranchCardHeaderSkeleton matches snapshot 1`] = `
<div>
  <div
    class="flex flex-col relative overflow-hidden height-auto text-foreground box-border bg-content1 outline-none data-[focus-visible=true]:z-10 data-[focus-visible=true]:outline-2 data-[focus-visible=true]:outline-focus data-[focus-visible=true]:outline-offset-2 shadow-medium rounded-large transition-transform-background motion-reduce:transition-none"
    tabindex="-1"
  >
    <div
      class="flex p-3 z-10 w-full justify-start items-center shrink-0 overflow-inherit color-inherit subpixel-antialiased rounded-t-large"
    >
      <div
        class="group relative overflow-hidden bg-content3 dark:bg-content2 before:opacity-100 before:absolute before:inset-0 before:-translate-x-full before:animate-[shimmer_2s_infinite] before:border-t before:border-content4/30 before:bg-gradient-to-r before:from-transparent before:via-content4 dark:before:via-default-700/10 before:to-transparent after:opacity-100 after:absolute after:inset-0 after:-z-10 after:bg-content3 dark:after:bg-content2 data-[loaded=true]:!bg-transparent data-[loaded=true]:before:opacity-0 data-[loaded=true]:before:animate-none data-[loaded=true]:after:opacity-0 transition-background !duration-300 before:transition-opacity before:!duration-300 rounded-lg"
      >
        <div
          class="opacity-0 group-data-[loaded=true]:opacity-100 transition-opacity motion-reduce:transition-none !duration-300"
        >
          <h1
            class="font-semibold"
          >
            Post title is loading
          </h1>
        </div>
      </div>
    </div>
    <div
      class="p-3 z-10 w-full justify-start items-center shrink-0 overflow-inherit color-inherit subpixel-antialiased rounded-t-large -mt-4 flex gap-12"
    >
      <div
        class="group relative overflow-hidden bg-content3 dark:bg-content2 before:opacity-100 before:absolute before:inset-0 before:-translate-x-full before:animate-[shimmer_2s_infinite] before:border-t before:border-content4/30 before:bg-gradient-to-r before:from-transparent before:via-content4 dark:before:via-default-700/10 before:to-transparent after:opacity-100 after:absolute after:inset-0 after:-z-10 after:bg-content3 dark:after:bg-content2 data-[loaded=true]:!bg-transparent data-[loaded=true]:before:opacity-0 data-[loaded=true]:before:animate-none data-[loaded=true]:after:opacity-0 transition-background !duration-300 before:transition-opacity before:!duration-300 rounded-lg"
      >
        <div
          class="opacity-0 group-data-[loaded=true]:opacity-100 transition-opacity motion-reduce:transition-none !duration-300"
        >
          <button
            class="z-0 group relative inline-flex items-center justify-center box-border appearance-none select-none whitespace-nowrap font-normal subpixel-antialiased overflow-hidden tap-highlight-transparent outline-none data-[focus-visible=true]:z-10 data-[focus-visible=true]:outline-2 data-[focus-visible=true]:outline-focus data-[focus-visible=true]:outline-offset-2 px-4 min-w-20 h-10 text-small gap-2 rounded-medium [&>svg]:max-w-[theme(spacing.8)] data-[pressed=true]:scale-[0.97] transition-transform-colors-opacity motion-reduce:transition-none bg-default text-default-foreground data-[hover=true]:opacity-hover"
            type="button"
          >
            Contents|Files
          </button>
        </div>
      </div>
      <div
        class="group relative overflow-hidden bg-content3 dark:bg-content2 before:opacity-100 before:absolute before:inset-0 before:-translate-x-full before:animate-[shimmer_2s_infinite] before:border-t before:border-content4/30 before:bg-gradient-to-r before:from-transparent before:via-content4 dark:before:via-default-700/10 before:to-transparent after:opacity-100 after:absolute after:inset-0 after:-z-10 after:bg-content3 dark:after:bg-content2 data-[loaded=true]:!bg-transparent data-[loaded=true]:before:opacity-0 data-[loaded=true]:before:animate-none data-[loaded=true]:after:opacity-0 transition-background !duration-300 before:transition-opacity before:!duration-300 rounded-lg"
      >
        <div
          class="opacity-0 group-data-[loaded=true]:opacity-100 transition-opacity motion-reduce:transition-none !duration-300"
        >
          <button
            class="z-0 group relative inline-flex items-center justify-center box-border appearance-none select-none whitespace-nowrap font-normal subpixel-antialiased overflow-hidden tap-highlight-transparent outline-none data-[focus-visible=true]:z-10 data-[focus-visible=true]:outline-2 data-[focus-visible=true]:outline-focus data-[focus-visible=true]:outline-offset-2 px-4 min-w-20 h-10 text-small gap-2 rounded-medium [&>svg]:max-w-[theme(spacing.8)] data-[pressed=true]:scale-[0.97] transition-transform-colors-opacity motion-reduce:transition-none bg-default text-default-foreground data-[hover=true]:opacity-hover"
            type="button"
          >
            Contribute
          </button>
        </div>
      </div>
      <div
        class="grow"
      />
      <div
        class="flex-col"
      >
        <h6
          class="text-neutral-400"
        >
          Completion
        </h6>
        <div
          class="relative max-w-fit min-w-min inline-flex items-center justify-between box-border whitespace-nowrap px-1 h-7 text-small rounded-full bg-default text-default-foreground"
        >
          <span
            class="flex-1 text-inherit font-normal px-2"
          >
            <div
              class="group relative overflow-hidden bg-content3 dark:bg-content2 before:opacity-100 before:absolute before:inset-0 before:-translate-x-full before:animate-[shimmer_2s_infinite] before:border-t before:border-content4/30 before:bg-gradient-to-r before:from-transparent before:via-content4 dark:before:via-default-700/10 before:to-transparent after:opacity-100 after:absolute after:inset-0 after:-z-10 after:bg-content3 dark:after:bg-content2 data-[loaded=true]:!bg-transparent data-[loaded=true]:before:opacity-0 data-[loaded=true]:before:animate-none data-[loaded=true]:after:opacity-0 transition-background !duration-300 before:transition-opacity before:!duration-300 rounded-lg"
            >
              <div
                class="opacity-0 group-data-[loaded=true]:opacity-100 transition-opacity motion-reduce:transition-none !duration-300"
              >
                Ideation
              </div>
            </div>
          </span>
        </div>
      </div>
      <div
        class="flex-col"
      >
        <h6
          class="text-neutral-400"
        >
          Status
        </h6>
        <div
          class="relative max-w-fit min-w-min inline-flex items-center justify-between box-border whitespace-nowrap px-1 h-7 text-small rounded-full bg-default text-default-foreground"
        >
          <span
            class="flex-1 text-inherit font-normal px-2"
          >
            <div
              class="group relative overflow-hidden bg-content3 dark:bg-content2 before:opacity-100 before:absolute before:inset-0 before:-translate-x-full before:animate-[shimmer_2s_infinite] before:border-t before:border-content4/30 before:bg-gradient-to-r before:from-transparent before:via-content4 dark:before:via-default-700/10 before:to-transparent after:opacity-100 after:absolute after:inset-0 after:-z-10 after:bg-content3 dark:after:bg-content2 data-[loaded=true]:!bg-transparent data-[loaded=true]:before:opacity-0 data-[loaded=true]:before:animate-none data-[loaded=true]:after:opacity-0 transition-background !duration-300 before:transition-opacity before:!duration-300 rounded-lg"
            >
              <div
                class="opacity-0 group-data-[loaded=true]:opacity-100 transition-opacity motion-reduce:transition-none !duration-300"
              >
                Open
              </div>
            </div>
          </span>
        </div>
      </div>
      <div
        class="flex-col"
      >
        <div
          class="group relative overflow-hidden bg-content3 dark:bg-content2 before:opacity-100 before:absolute before:inset-0 before:-translate-x-full before:animate-[shimmer_2s_infinite] before:border-t before:border-content4/30 before:bg-gradient-to-r before:from-transparent before:via-content4 dark:before:via-default-700/10 before:to-transparent after:opacity-100 after:absolute after:inset-0 after:-z-10 after:bg-content3 dark:after:bg-content2 data-[loaded=true]:!bg-transparent data-[loaded=true]:before:opacity-0 data-[loaded=true]:before:animate-none data-[loaded=true]:after:opacity-0 transition-background !duration-300 before:transition-opacity before:!duration-300 rounded-lg"
        >
          <div
            class="opacity-0 group-data-[loaded=true]:opacity-100 transition-opacity motion-reduce:transition-none !duration-300"
          >
            <h6
              class="text-neutral-400"
            >
              Created on
            </h6>
          </div>
        </div>
        <div
          class="group relative overflow-hidden bg-content3 dark:bg-content2 before:opacity-100 before:absolute before:inset-0 before:-translate-x-full before:animate-[shimmer_2s_infinite] before:border-t before:border-content4/30 before:bg-gradient-to-r before:from-transparent before:via-content4 dark:before:via-default-700/10 before:to-transparent after:opacity-100 after:absolute after:inset-0 after:-z-10 after:bg-content3 dark:after:bg-content2 data-[loaded=true]:!bg-transparent data-[loaded=true]:before:opacity-0 data-[loaded=true]:before:animate-none data-[loaded=true]:after:opacity-0 transition-background !duration-300 before:transition-opacity before:!duration-300 rounded-lg"
        >
          <div
            class="opacity-0 group-data-[loaded=true]:opacity-100 transition-opacity motion-reduce:transition-none !duration-300"
          >
            <h6
              class="text-neutral-400"
            >
              Day Month Year
            </h6>
          </div>
        </div>
      </div>
    </div>
  </div>
</div>
`;

exports[`BranchCardHeaderSkeleton matches snapshot when hiding contribute button 1`] = `
<div>
  <div
    class="flex flex-col relative overflow-hidden height-auto text-foreground box-border bg-content1 outline-none data-[focus-visible=true]:z-10 data-[focus-visible=true]:outline-2 data-[focus-visible=true]:outline-focus data-[focus-visible=true]:outline-offset-2 shadow-medium rounded-large transition-transform-background motion-reduce:transition-none"
    tabindex="-1"
  >
    <div
      class="flex p-3 z-10 w-full justify-start items-center shrink-0 overflow-inherit color-inherit subpixel-antialiased rounded-t-large"
    >
      <div
        class="group relative overflow-hidden bg-content3 dark:bg-content2 before:opacity-100 before:absolute before:inset-0 before:-translate-x-full before:animate-[shimmer_2s_infinite] before:border-t before:border-content4/30 before:bg-gradient-to-r before:from-transparent before:via-content4 dark:before:via-default-700/10 before:to-transparent after:opacity-100 after:absolute after:inset-0 after:-z-10 after:bg-content3 dark:after:bg-content2 data-[loaded=true]:!bg-transparent data-[loaded=true]:before:opacity-0 data-[loaded=true]:before:animate-none data-[loaded=true]:after:opacity-0 transition-background !duration-300 before:transition-opacity before:!duration-300 rounded-lg"
      >
        <div
          class="opacity-0 group-data-[loaded=true]:opacity-100 transition-opacity motion-reduce:transition-none !duration-300"
        >
          <h1
            class="font-semibold"
          >
            Post title is loading
          </h1>
        </div>
      </div>
    </div>
    <div
      class="p-3 z-10 w-full justify-start items-center shrink-0 overflow-inherit color-inherit subpixel-antialiased rounded-t-large -mt-4 flex gap-12"
    >
      <div
        class="group relative overflow-hidden bg-content3 dark:bg-content2 before:opacity-100 before:absolute before:inset-0 before:-translate-x-full before:animate-[shimmer_2s_infinite] before:border-t before:border-content4/30 before:bg-gradient-to-r before:from-transparent before:via-content4 dark:before:via-default-700/10 before:to-transparent after:opacity-100 after:absolute after:inset-0 after:-z-10 after:bg-content3 dark:after:bg-content2 data-[loaded=true]:!bg-transparent data-[loaded=true]:before:opacity-0 data-[loaded=true]:before:animate-none data-[loaded=true]:after:opacity-0 transition-background !duration-300 before:transition-opacity before:!duration-300 rounded-lg"
      >
        <div
          class="opacity-0 group-data-[loaded=true]:opacity-100 transition-opacity motion-reduce:transition-none !duration-300"
        >
          <button
            class="z-0 group relative inline-flex items-center justify-center box-border appearance-none select-none whitespace-nowrap font-normal subpixel-antialiased overflow-hidden tap-highlight-transparent outline-none data-[focus-visible=true]:z-10 data-[focus-visible=true]:outline-2 data-[focus-visible=true]:outline-focus data-[focus-visible=true]:outline-offset-2 px-4 min-w-20 h-10 text-small gap-2 rounded-medium [&>svg]:max-w-[theme(spacing.8)] data-[pressed=true]:scale-[0.97] transition-transform-colors-opacity motion-reduce:transition-none bg-default text-default-foreground data-[hover=true]:opacity-hover"
            type="button"
          >
            Contents|Files
          </button>
        </div>
      </div>
      <div
        class="grow"
      />
      <div
        class="flex-col"
      >
        <h6
          class="text-neutral-400"
        >
          Completion
        </h6>
        <div
          class="relative max-w-fit min-w-min inline-flex items-center justify-between box-border whitespace-nowrap px-1 h-7 text-small rounded-full bg-default text-default-foreground"
        >
          <span
            class="flex-1 text-inherit font-normal px-2"
          >
            <div
              class="group relative overflow-hidden bg-content3 dark:bg-content2 before:opacity-100 before:absolute before:inset-0 before:-translate-x-full before:animate-[shimmer_2s_infinite] before:border-t before:border-content4/30 before:bg-gradient-to-r before:from-transparent before:via-content4 dark:before:via-default-700/10 before:to-transparent after:opacity-100 after:absolute after:inset-0 after:-z-10 after:bg-content3 dark:after:bg-content2 data-[loaded=true]:!bg-transparent data-[loaded=true]:before:opacity-0 data-[loaded=true]:before:animate-none data-[loaded=true]:after:opacity-0 transition-background !duration-300 before:transition-opacity before:!duration-300 rounded-lg"
            >
              <div
                class="opacity-0 group-data-[loaded=true]:opacity-100 transition-opacity motion-reduce:transition-none !duration-300"
              >
                Ideation
              </div>
            </div>
          </span>
        </div>
      </div>
      <div
        class="flex-col"
      >
        <h6
          class="text-neutral-400"
        >
          Status
        </h6>
        <div
          class="relative max-w-fit min-w-min inline-flex items-center justify-between box-border whitespace-nowrap px-1 h-7 text-small rounded-full bg-default text-default-foreground"
        >
          <span
            class="flex-1 text-inherit font-normal px-2"
          >
            <div
              class="group relative overflow-hidden bg-content3 dark:bg-content2 before:opacity-100 before:absolute before:inset-0 before:-translate-x-full before:animate-[shimmer_2s_infinite] before:border-t before:border-content4/30 before:bg-gradient-to-r before:from-transparent before:via-content4 dark:before:via-default-700/10 before:to-transparent after:opacity-100 after:absolute after:inset-0 after:-z-10 after:bg-content3 dark:after:bg-content2 data-[loaded=true]:!bg-transparent data-[loaded=true]:before:opacity-0 data-[loaded=true]:before:animate-none data-[loaded=true]:after:opacity-0 transition-background !duration-300 before:transition-opacity before:!duration-300 rounded-lg"
            >
              <div
                class="opacity-0 group-data-[loaded=true]:opacity-100 transition-opacity motion-reduce:transition-none !duration-300"
              >
                Open
              </div>
            </div>
          </span>
        </div>
      </div>
      <div
        class="flex-col"
      >
        <div
          class="group relative overflow-hidden bg-content3 dark:bg-content2 before:opacity-100 before:absolute before:inset-0 before:-translate-x-full before:animate-[shimmer_2s_infinite] before:border-t before:border-content4/30 before:bg-gradient-to-r before:from-transparent before:via-content4 dark:before:via-default-700/10 before:to-transparent after:opacity-100 after:absolute after:inset-0 after:-z-10 after:bg-content3 dark:after:bg-content2 data-[loaded=true]:!bg-transparent data-[loaded=true]:before:opacity-0 data-[loaded=true]:before:animate-none data-[loaded=true]:after:opacity-0 transition-background !duration-300 before:transition-opacity before:!duration-300 rounded-lg"
        >
          <div
            class="opacity-0 group-data-[loaded=true]:opacity-100 transition-opacity motion-reduce:transition-none !duration-300"
          >
            <h6
              class="text-neutral-400"
            >
              Created on
            </h6>
          </div>
        </div>
        <div
          class="group relative overflow-hidden bg-content3 dark:bg-content2 before:opacity-100 before:absolute before:inset-0 before:-translate-x-full before:animate-[shimmer_2s_infinite] before:border-t before:border-content4/30 before:bg-gradient-to-r before:from-transparent before:via-content4 dark:before:via-default-700/10 before:to-transparent after:opacity-100 after:absolute after:inset-0 after:-z-10 after:bg-content3 dark:after:bg-content2 data-[loaded=true]:!bg-transparent data-[loaded=true]:before:opacity-0 data-[loaded=true]:before:animate-none data-[loaded=true]:after:opacity-0 transition-background !duration-300 before:transition-opacity before:!duration-300 rounded-lg"
        >
          <div
            class="opacity-0 group-data-[loaded=true]:opacity-100 transition-opacity motion-reduce:transition-none !duration-300"
          >
            <h6
              class="text-neutral-400"
            >
              Day Month Year
            </h6>
          </div>
        </div>
      </div>
    </div>
  </div>
</div>
`;
